 FAIL  tests/dummy.test.js
  It validate the ISBN-13 codes
    ✕ given a ISBN of 9780470059029 then is identified as valid (3 ms)
    ✓ given a numeric input when passed to the validation then we get an invalid input error (3 ms)
    ✓ given a string input with a length less than 13 is passed to the validation then we get an invalid input error (1 ms)
    ✓ given input string of length 13 with letters when pass the validation then we get an invalid input error

  ● It validate the ISBN-13 codes › given a ISBN of 9780470059029 then is identified as valid

    expect(received).toBe(expected) // Object.is equality

    Expected: true
    Received: false

       6 |   it('given a ISBN of 9780470059029 then is identified as valid', () => {
       7 |     const isbn = '9780470059029';
    >  8 |     expect(validateIsbn(isbn)).toBe(true);
         |                                ^
       9 |   });
      10 |
      11 |   it('given a numeric input when passed to the validation then we get an invalid input error', () => {

      at Object.<anonymous> (tests/dummy.test.js:8:32)

Test Suites: 1 failed, 1 total
Tests:       1 failed, 3 passed, 4 total
Snapshots:   0 total
Time:        0.463 s, estimated 1 s
Ran all test suites.
Test results written to: test-results.json
